
> community-go-frontend@0.1.0 check C:\rin\coder\i0721\console-web
> pnpm foundation:check && pnpm architecture:check && pnpm dependency:check && pnpm codegen:plugins:check && pnpm codegen:design:check && pnpm lint && pnpm typecheck && pnpm test && pnpm build && pnpm performance:check && pnpm test:browser && pnpm format:check && pnpm docs:check


> community-go-frontend@0.1.0 foundation:check C:\rin\coder\i0721\console-web
> node tooling/check-foundation-fixtures.mjs && node tooling/check-foundation-governance.mjs && node tooling/check-tailwind-sources.mjs

Foundation fixtures passed: 14 cases.
Tailwind source coverage fixtures passed: 8 cases.
Foundation governance passed for 12 workspaces and 11 contract owners.
Tailwind source coverage passed: entry + 2 @source roots cover all TSX-bearing workspaces.

> community-go-frontend@0.1.0 architecture:check C:\rin\coder\i0721\console-web
> node tooling/check-boundaries-fixtures.mjs && node tooling/check-boundaries.mjs

Boundary fixtures passed: 18 cases.
Architecture checks passed for 464 source files.

> community-go-frontend@0.1.0 dependency:check C:\rin\coder\i0721\console-web
> node tooling/check-dependencies.mjs

Dependency governance passed for 25 governed dependencies.

> community-go-frontend@0.1.0 codegen:plugins:check C:\rin\coder\i0721\console-web
> node tooling/plugin-codegen/codegen.mjs --check

Plugin codegen is fresh.

> community-go-frontend@0.1.0 codegen:design:check C:\rin\coder\i0721\console-web
> node tooling/runtime-codegen/codegen.mjs --check

[runtime-codegen] fresh packages/design-system/src/tokens.css
[runtime-codegen] fresh packages/design-system/src/motion.css
[runtime-codegen] 全部 Artifact fresh。

> community-go-frontend@0.1.0 lint C:\rin\coder\i0721\console-web
> eslint . --max-warnings 0


C:\rin\coder\i0721\console-web\apps\web\e2e\accessibility-effects.spec.ts
  3:40  error  `import()` type annotations are forbidden  @typescript-eslint/consistent-type-imports
  9:35  error  `import()` type annotations are forbidden  @typescript-eslint/consistent-type-imports

C:\rin\coder\i0721\console-web\apps\web\e2e\auto-refresh.spec.ts
  3:39  error  `import()` type annotations are forbidden  @typescript-eslint/consistent-type-imports

C:\rin\coder\i0721\console-web\apps\web\e2e\auto-restore.spec.ts
   3:31  error  `import()` type annotations are forbidden  @typescript-eslint/consistent-type-imports
  13:40  error  `import()` type annotations are forbidden  @typescript-eslint/consistent-type-imports
  23:37  error  `import()` type annotations are forbidden  @typescript-eslint/consistent-type-imports

C:\rin\coder\i0721\console-web\apps\web\e2e\breadcrumbs.spec.ts
  3:39  error  `import()` type annotations are forbidden  @typescript-eslint/consistent-type-imports

C:\rin\coder\i0721\console-web\apps\web\e2e\column-settings.spec.ts
  3:31  error  `import()` type annotations are forbidden  @typescript-eslint/consistent-type-imports

C:\rin\coder\i0721\console-web\apps\web\e2e\confirm-bulk.spec.ts
   5:39  error  `import()` type annotations are forbidden  @typescript-eslint/consistent-type-imports
  12:36  error  `import()` type annotations are forbidden  @typescript-eslint/consistent-type-imports

C:\rin\coder\i0721\console-web\apps\web\e2e\confirm-reset.spec.ts
  3:39  error  `import()` type annotations are forbidden  @typescript-eslint/consistent-type-imports

C:\rin\coder\i0721\console-web\apps\web\e2e\copy-feedback.spec.ts
  7:39  error  `import()` type annotations are forbidden  @typescript-eslint/consistent-type-imports

C:\rin\coder\i0721\console-web\apps\web\e2e\corrupt-settings.spec.ts
  21:16  error  Unsafe return of a value of type `any`  @typescript-eslint/no-unsafe-return

C:\rin\coder\i0721\console-web\apps\web\e2e\create-destination.spec.ts
  4:39  error  `import()` type annotations are forbidden  @typescript-eslint/consistent-type-imports

C:\rin\coder\i0721\console-web\apps\web\e2e\date-format.spec.ts
   4:39  error  `import()` type annotations are forbidden  @typescript-eslint/consistent-type-imports
  11:36  error  `import()` type annotations are forbidden  @typescript-eslint/consistent-type-imports

C:\rin\coder\i0721\console-web\apps\web\e2e\draft-autosave.spec.ts
   3:31  error  `import()` type annotations are forbidden      @typescript-eslint/consistent-type-imports
  36:9   error  Unsafe assignment of an `any` value            @typescript-eslint/no-unsafe-assignment
  38:5   error  Unsafe return of a value of type `any`         @typescript-eslint/no-unsafe-return
  40:18  error  Unsafe member access .state on an `any` value  @typescript-eslint/no-unsafe-member-access
  47:9   error  Unsafe assignment of an `any` value            @typescript-eslint/no-unsafe-assignment
  49:5   error  Unsafe return of a value of type `any`         @typescript-eslint/no-unsafe-return
  51:18  error  Unsafe member access .state on an `any` value  @typescript-eslint/no-unsafe-member-access

C:\rin\coder\i0721\console-web\apps\web\e2e\edit-destination.spec.ts
  4:39  error  `import()` type annotations are forbidden  @typescript-eslint/consistent-type-imports

C:\rin\coder\i0721\console-web\apps\web\e2e\empty-state.spec.ts
   3:39  error  `import()` type annotations are forbidden  @typescript-eslint/consistent-type-imports
  10:36  error  `import()` type annotations are forbidden  @typescript-eslint/consistent-type-imports

C:\rin\coder\i0721\console-web\apps\web\e2e\focus-first-error.spec.ts
   3:39  error  `import()` type annotations are forbidden  @typescript-eslint/consistent-type-imports
  10:38  error  `import()` type annotations are forbidden  @typescript-eslint/consistent-type-imports

C:\rin\coder\i0721\console-web\apps\web\e2e\leave-confirm.spec.ts
  4:39  error  `import()` type annotations are forbidden  @typescript-eslint/consistent-type-imports

C:\rin\coder\i0721\console-web\apps\web\e2e\menu-memory.spec.ts
  4:39  error  `import()` type annotations are forbidden  @typescript-eslint/consistent-type-imports

C:\rin\coder\i0721\console-web\apps\web\e2e\motion-preference.spec.ts
   3:39  error  `import()` type annotations are forbidden  @typescript-eslint/consistent-type-imports
  13:33  error  `import()` type annotations are forbidden  @typescript-eslint/consistent-type-imports
  17:33  error  `import()` type annotations are forbidden  @typescript-eslint/consistent-type-imports

C:\rin\coder\i0721\console-web\apps\web\e2e\new-page-open-mode.spec.ts
  3:39  error  `import()` type annotations are forbidden  @typescript-eslint/consistent-type-imports

C:\rin\coder\i0721\console-web\apps\web\e2e\notification-center.spec.ts
  3:31  error  `import()` type annotations are forbidden  @typescript-eslint/consistent-type-imports

C:\rin\coder\i0721\console-web\apps\web\e2e\page-size.spec.ts
   3:39  error  `import()` type annotations are forbidden  @typescript-eslint/consistent-type-imports
  10:34  error  `import()` type annotations are forbidden  @typescript-eslint/consistent-type-imports

C:\rin\coder\i0721\console-web\apps\web\e2e\page-tabs.spec.ts
  3:31  error  `import()` type annotations are forbidden  @typescript-eslint/consistent-type-imports

C:\rin\coder\i0721\console-web\apps\web\e2e\persist-failure.spec.ts
  8:22  error  A method that is not declared with `this: void` may cause unintentional scoping of `this` when separated from its object.
Consider using an arrow function or explicitly `.bind()`ing the method to avoid calling the method with an unintended `this` value. 
If a function does not access `this`, it can be annotated with `this: void`  @typescript-eslint/unbound-method

C:\rin\coder\i0721\console-web\apps\web\e2e\remember-filters.spec.ts
   3:39  error  `import()` type annotations are forbidden  @typescript-eslint/consistent-type-imports
  13:35  error  `import()` type annotations are forbidden  @typescript-eslint/consistent-type-imports

C:\rin\coder\i0721\console-web\apps\web\e2e\remember-pagination.spec.ts
   3:39  error  `import()` type annotations are forbidden  @typescript-eslint/consistent-type-imports
  13:32  error  `import()` type annotations are forbidden  @typescript-eslint/consistent-type-imports
  21:34  error  `import()` type annotations are forbidden  @typescript-eslint/consistent-type-imports

C:\rin\coder\i0721\console-web\apps\web\e2e\remember-sort.spec.ts
   3:31  error  `import()` type annotations are forbidden  @typescript-eslint/consistent-type-imports
  13:39  error  `import()` type annotations are forbidden  @typescript-eslint/consistent-type-imports

C:\rin\coder\i0721\console-web\apps\web\e2e\scroll-to-top.spec.ts
   3:39  error  `import()` type annotations are forbidden  @typescript-eslint/consistent-type-imports
  10:36  error  `import()` type annotations are forbidden  @typescript-eslint/consistent-type-imports

C:\rin\coder\i0721\console-web\apps\web\e2e\search-history.spec.ts
   3:31  error  `import()` type annotations are forbidden  @typescript-eslint/consistent-type-imports
  14:36  error  `import()` type annotations are forbidden  @typescript-eslint/consistent-type-imports

C:\rin\coder\i0721\console-web\apps\web\e2e\search-trigger.spec.ts
  3:39  error  `import()` type annotations are forbidden  @typescript-eslint/consistent-type-imports

C:\rin\coder\i0721\console-web\apps\web\e2e\settings.spec.ts
  5:39  error  `import()` type annotations are forbidden  @typescript-eslint/consistent-type-imports

C:\rin\coder\i0721\console-web\apps\web\e2e\shortcuts.spec.ts
  3:39  error  `import()` type annotations are forbidden  @typescript-eslint/consistent-type-imports

C:\rin\coder\i0721\console-web\apps\web\e2e\table-density.spec.ts
  5:9  error  `import()` type annotations are forbidden  @typescript-eslint/consistent-type-imports

C:\rin\coder\i0721\console-web\apps\web\e2e\time-display.spec.ts
  3:43  error  `import()` type annotations are forbidden  @typescript-eslint/consistent-type-imports

C:\rin\coder\i0721\console-web\apps\web\e2e\toast-duration.spec.ts
  4:39  error  `import()` type annotations are forbidden  @typescript-eslint/consistent-type-imports

C:\rin\coder\i0721\console-web\apps\web\e2e\unread-reminder.spec.ts
  3:43  error  `import()` type annotations are forbidden  @typescript-eslint/consistent-type-imports

C:\rin\coder\i0721\console-web\apps\web\e2e\workbench-home.spec.ts
  3:31  error  `import()` type annotations are forbidden  @typescript-eslint/consistent-type-imports

C:\rin\coder\i0721\console-web\apps\web\src\host\notification-alerts.tsx
  52:23  warning  Fast refresh only works when a file only exports components. Use a new file to share constants or functions between components  react-refresh/only-export-components
  67:17  warning  Fast refresh only works when a file only exports components. Use a new file to share constants or functions between components  react-refresh/only-export-components

C:\rin\coder\i0721\console-web\apps\web\src\host\preferences-port.ts
  104:49  error  This assertion is unnecessary since it does not change the type of the expression  @typescript-eslint/no-unnecessary-type-assertion
  109:48  error  This assertion is unnecessary since it does not change the type of the expression  @typescript-eslint/no-unnecessary-type-assertion

C:\rin\coder\i0721\console-web\apps\web\src\shell\page-tabs.tsx
  131:17  warning  Fast refresh only works when a file only exports components. Use a new file to share constants or functions between components  react-refresh/only-export-components

C:\rin\coder\i0721\console-web\apps\web\src\state\use-shell-store.ts
  65:12  error  This assertion is unnecessary since it does not change the type of the expression  @typescript-eslint/no-unnecessary-type-assertion
  66:13  error  This assertion is unnecessary since it does not change the type of the expression  @typescript-eslint/no-unnecessary-type-assertion

C:\rin\coder\i0721\console-web\apps\web\src\test\leave-confirm.test.ts
   33:38  error  Async arrow function has no 'await' expression                                     @typescript-eslint/require-await
   44:38  error  Async arrow function has no 'await' expression                                     @typescript-eslint/require-await
   79:19  error  This assertion is unnecessary since it does not change the type of the expression  @typescript-eslint/no-unnecessary-type-assertion
   89:24  error  This assertion is unnecessary since it does not change the type of the expression  @typescript-eslint/no-unnecessary-type-assertion
  109:37  error  Async arrow function has no 'await' expression                                     @typescript-eslint/require-await
  126:37  error  Async arrow function has no 'await' expression                                     @typescript-eslint/require-await

C:\rin\coder\i0721\console-web\packages\plugin-framework\src\capabilities.test.tsx
  111:39  error  This assertion is unnecessary since the receiver accepts the original type of the expression  @typescript-eslint/no-unnecessary-type-assertion

C:\rin\coder\i0721\console-web\packages\plugin-framework\src\leave-confirm.tsx
  71:3  error    Error: Cannot access refs during render

React refs are values that are not needed for rendering. Refs should only be accessed outside of render, such as in event handlers or effects. Accessing a ref value (the `current` property) during render can cause your component not to update as expected (https://react.dev/reference/react/useRef).

C:\rin\coder\i0721\console-web\packages\plugin-framework\src\leave-confirm.tsx:71:3
  69 |   const port = useLeaveConfirmPort();
  70 |   const latestRef = useRef(source);
> 71 |   latestRef.current = source;
     |   ^^^^^^^^^^^^^^^^^ Cannot update ref during render
  72 |   useEffect(() => {
  73 |     return port.registerDirtySource({
  74 |       pageId: latestRef.current.pageId,  react-hooks/refs
  82:5  warning  Unused eslint-disable directive (no problems were reported from 'react-hooks/exhaustive-deps')

C:\rin\coder\i0721\console-web\packages\plugin-framework\src\preferences.tsx
  66:41  error  This assertion is unnecessary since the receiver accepts the original type of the expression  @typescript-eslint/no-unnecessary-type-assertion

C:\rin\coder\i0721\console-web\packages\plugin-framework\src\workspace.tsx
  79:39  error  This assertion is unnecessary since the receiver accepts the original type of the expression  @typescript-eslint/no-unnecessary-type-assertion
  91:10  error  This assertion is unnecessary since the receiver accepts the original type of the expression  @typescript-eslint/no-unnecessary-type-assertion

C:\rin\coder\i0721\console-web\packages\surface-foundation\src\periodic-refresh.ts
  59:27  error  This assertion is unnecessary since it does not change the type of the expression  @typescript-eslint/no-unnecessary-type-assertion

C:\rin\coder\i0721\console-web\packages\surface-foundation\src\use-periodic-refresh.ts
   4:1  warning  Unused eslint-disable directive (no problems were reported from 'react-refresh/only-export-components')
  34:3  error    Error: Cannot access refs during render

React refs are values that are not needed for rendering. Refs should only be accessed outside of render, such as in event handlers or effects. Accessing a ref value (the `current` property) during render can cause your component not to update as expected (https://react.dev/reference/react/useRef).

C:\rin\coder\i0721\console-web\packages\surface-foundation\src\use-periodic-refresh.ts:34:3
  32 | }: UsePeriodicRefreshInput): void {
  33 |   const isPausedRef = useRef(isPaused);
> 34 |   isPausedRef.current = isPaused;
     |   ^^^^^^^^^^^^^^^^^^^ Cannot update ref during render
  35 |   const onTickRef = useRef(onTick);
  36 |   onTickRef.current = onTick;
  37 |  react-hooks/refs
  36:3  error    Error: Cannot access refs during render

React refs are values that are not needed for rendering. Refs should only be accessed outside of render, such as in event handlers or effects. Accessing a ref value (the `current` property) during render can cause your component not to update as expected (https://react.dev/reference/react/useRef).

C:\rin\coder\i0721\console-web\packages\surface-foundation\src\use-periodic-refresh.ts:36:3
  34 |   isPausedRef.current = isPaused;
  35 |   const onTickRef = useRef(onTick);
> 36 |   onTickRef.current = onTick;
     |   ^^^^^^^^^^^^^^^^^ Cannot update ref during render
  37 |
  38 |   useEffect(() => {
  39 |     if (!enabled) return;                                  react-hooks/refs

C:\rin\coder\i0721\console-web\surfaces\plugins\page-archetypes\routes\resource-list\page.tsx
   96:10  error    This assertion is unnecessary since it does not change the type of the expression                                                                                                                                                                                                                                                                                                                                                                                                                                                                                                                                                                                                                                                                                                                                                                                                                                                                                                                                                                                                                                                                                                                                                                                         @typescript-eslint/no-unnecessary-type-assertion
   97:10  error    This assertion is unnecessary since it does not change the type of the expression                                                                                                                                                                                                                                                                                                                                                                                                                                                                                                                                                                                                                                                                                                                                                                                                                                                                                                                                                                                                                                                                                                                                                                                         @typescript-eslint/no-unnecessary-type-assertion
  112:11  error    Interactive elements should not be assigned non-interactive roles                                                                                                                                                                                                                                                                                                                                                                                                                                                                                                                                                                                                                                                                                                                                                                                                                                                                                                                                                                                                                                                                                                                                                                                                         jsx-a11y-x/no-interactive-element-to-noninteractive-role
  174:5   error    Error: Calling setState synchronously within an effect can trigger cascading renders

Effects are intended to synchronize state between React and external systems such as manually updating the DOM, state management libraries, or other platform APIs. In general, the body of an effect should do one or both of the following:
* Update external systems with the latest state from React.
* Subscribe for updates from some external system, calling setState in a callback function when external state changes.

Calling setState synchronously within an effect body causes cascading renders that can hurt performance, and is not recommended. (https://react.dev/learn/you-might-not-need-an-effect).

C:\rin\coder\i0721\console-web\surfaces\plugins\page-archetypes\routes\resource-list\page.tsx:174:5
  172 |   useEffect(() => {
  173 |     if (refreshMode !== 'on-enter') return;
> 174 |     setLastRefreshedAt(Date.now());
      |     ^^^^^^^^^^^^^^^^^^ Avoid calling setState() directly within an effect
  175 |   }, [refreshMode]);
  176 |   // 搜索时机（操作偏好 searchTrigger，默认 enter）：enter → 键入不立即过滤，回车应用；
  177 |   // auto → 键入即时过滤（页面覆盖优先于全局默认的机制与本页密度一致）。                                                                                 react-hooks/set-state-in-effect
  350:5   warning  React Hook useMemo has a missing dependency: 'longText'. Either include it or remove the dependency array                                                                                                                                                                                                                                                                                                                                                                                                                                                                                                                                                                                                                                                                                                                                                                                                                                                                                                                                                                                                                                                                                                                                                                 react-hooks/exhaustive-deps
  374:7   error    Error: Calling setState synchronously within an effect can trigger cascading renders

Effects are intended to synchronize state between React and external systems such as manually updating the DOM, state management libraries, or other platform APIs. In general, the body of an effect should do one or both of the following:
* Update external systems with the latest state from React.
* Subscribe for updates from some external system, calling setState in a callback function when external state changes.

Calling setState synchronously within an effect body causes cascading renders that can hurt performance, and is not recommended. (https://react.dev/learn/you-might-not-need-an-effect).

C:\rin\coder\i0721\console-web\surfaces\plugins\page-archetypes\routes\resource-list\page.tsx:374:7
  372 |     if (!rememberColumnLayout || visibleOrder !== null) return;
  373 |     if (savedLayout?.visibleOrder && savedLayout.visibleOrder.length > 0) {
> 374 |       setVisibleOrder(
      |       ^^^^^^^^^^^^^^^ Avoid calling setState() directly within an effect
  375 |         normalizeColumnLayout(canonicalColumnIds, savedLayout.visibleOrder, MANDATORY_COLUMNS),
  376 |       );
  377 |     }                                 react-hooks/set-state-in-effect
  388:6   error    Error: Expected the dependency list to be an array of simple expressions (e.g. `x`, `x.y.z`, `x?.y?.z`)

Expected the dependency list to be an array of simple expressions (e.g. `x`, `x.y.z`, `x?.y?.z`).

C:\rin\coder\i0721\console-web\surfaces\plugins\page-archetypes\routes\resource-list\page.tsx:388:6
  386 |         .filter((column): column is NonNullable<typeof column> => Boolean(column)),
  387 |     // eslint-disable-next-line react-hooks/exhaustive-deps
> 388 |     [orderedIds.join('|'), columns],
      |      ^^^^^^^^^^^^^^^^^^^^ Expected the dependency list to be an array of simple expressions (e.g. `x`, `x.y.z`, `x?.y?.z`)
  389 |   );
  390 |   const persistColumnLayout = (order: readonly string[]) => {
  391 |     setVisibleOrder(order);                                                                                                                                                                                                                                                                                                                                                                                                                                                                                    react-hooks/use-memo
  430:28  error    Error: Calling setState synchronously within an effect can trigger cascading renders

Effects are intended to synchronize state between React and external systems such as manually updating the DOM, state management libraries, or other platform APIs. In general, the body of an effect should do one or both of the following:
* Update external systems with the latest state from React.
* Subscribe for updates from some external system, calling setState in a callback function when external state changes.

Calling setState synchronously within an effect body causes cascading renders that can hurt performance, and is not recommended. (https://react.dev/learn/you-might-not-need-an-effect).

C:\rin\coder\i0721\console-web\surfaces\plugins\page-archetypes\routes\resource-list\page.tsx:430:28
  428 |     if (!rememberSort) return;
  429 |     rehydrateStore(useColumnLayoutStore);
> 430 |     if (savedLayout?.sort) setSort(savedLayout.sort);
      |                            ^^^^^^^ Avoid calling setState() directly within an effect
  431 |     // eslint-disable-next-line react-hooks/exhaustive-deps
  432 |   }, [rememberSort, savedLayout]);
  433 |   const visibleRecords = sceneMode === 'empty' ? [] : sortedRecords;  react-hooks/set-state-in-effect
  431:5   warning  Unused eslint-disable directive (no problems were reported from 'react-hooks/exhaustive-deps')

C:\rin\coder\i0721\console-web\surfaces\plugins\reference-resources\routes\create\page.tsx
  36:7  error  Error: Calling setState synchronously within an effect can trigger cascading renders

Effects are intended to synchronize state between React and external systems such as manually updating the DOM, state management libraries, or other platform APIs. In general, the body of an effect should do one or both of the following:
* Update external systems with the latest state from React.
* Subscribe for updates from some external system, calling setState in a callback function when external state changes.

Calling setState synchronously within an effect body causes cascading renders that can hurt performance, and is not recommended. (https://react.dev/learn/you-might-not-need-an-effect).

C:\rin\coder\i0721\console-web\surfaces\plugins\reference-resources\routes\create\page.tsx:36:7
  34 |     const draftKind = typeof draft?.kind === 'string' ? draft.kind : '';
  35 |     if (draftName !== '') {
> 36 |       setName((current) => (current === '' ? draftName : current));
     |       ^^^^^^^ Avoid calling setState() directly within an effect
  37 |     }
  38 |     if (draftKind !== '') {
  39 |       setKind(draftKind);  react-hooks/set-state-in-effect

C:\rin\coder\i0721\console-web\surfaces\plugins\settings\src\category-sections.tsx
  158:68  error  This assertion is unnecessary since the receiver accepts the original type of the expression  @typescript-eslint/no-unnecessary-type-assertion
  420:51  error  This assertion is unnecessary since the receiver accepts the original type of the expression  @typescript-eslint/no-unnecessary-type-assertion

C:\rin\coder\i0721\console-web\surfaces\plugins\settings\src\settings-layout-shell.tsx
   50:14  warning  Fast refresh only works when a file only exports components. Use a new file to share constants or functions between components  react-refresh/only-export-components
  118:14  warning  Fast refresh only works when a file only exports components. Use a new file to share constants or functions between components  react-refresh/only-export-components
  121:14  warning  Fast refresh only works when a file only exports components. Use a new file to share constants or functions between components  react-refresh/only-export-components
  134:17  warning  Fast refresh only works when a file only exports components. Use a new file to share constants or functions between components  react-refresh/only-export-components
  190:17  warning  Fast refresh only works when a file only exports components. Use a new file to share constants or functions between components  react-refresh/only-export-components
  212:17  warning  Fast refresh only works when a file only exports components. Use a new file to share constants or functions between components  react-refresh/only-export-components

C:\rin\coder\i0721\console-web\surfaces\src\preferences-model.test.ts
  82:21  error  This assertion is unnecessary since it does not change the type of the expression  @typescript-eslint/no-unnecessary-type-assertion

C:\rin\coder\i0721\console-web\surfaces\src\preferences-model.ts
  508:19  error  This assertion is unnecessary since it does not change the type of the expression  @typescript-eslint/no-unnecessary-type-assertion
  535:19  error  This assertion is unnecessary since it does not change the type of the expression  @typescript-eslint/no-unnecessary-type-assertion
  551:55  error  This assertion is unnecessary since it does not change the type of the expression  @typescript-eslint/no-unnecessary-type-assertion
  567:19  error  This assertion is unnecessary since it does not change the type of the expression  @typescript-eslint/no-unnecessary-type-assertion
  586:55  error  This assertion is unnecessary since it does not change the type of the expression  @typescript-eslint/no-unnecessary-type-assertion
  596:19  error  This assertion is unnecessary since it does not change the type of the expression  @typescript-eslint/no-unnecessary-type-assertion
  637:55  error  This assertion is unnecessary since it does not change the type of the expression  @typescript-eslint/no-unnecessary-type-assertion
  644:19  error  This assertion is unnecessary since it does not change the type of the expression  @typescript-eslint/no-unnecessary-type-assertion
  673:19  error  This assertion is unnecessary since it does not change the type of the expression  @typescript-eslint/no-unnecessary-type-assertion
  687:55  error  This assertion is unnecessary since it does not change the type of the expression  @typescript-eslint/no-unnecessary-type-assertion
  694:19  error  This assertion is unnecessary since it does not change the type of the expression  @typescript-eslint/no-unnecessary-type-assertion
  703:55  error  This assertion is unnecessary since it does not change the type of the expression  @typescript-eslint/no-unnecessary-type-assertion
  710:19  error  This assertion is unnecessary since it does not change the type of the expression  @typescript-eslint/no-unnecessary-type-assertion
  714:55  error  This assertion is unnecessary since it does not change the type of the expression  @typescript-eslint/no-unnecessary-type-assertion

✖ 114 problems (101 errors, 13 warnings)
  30 errors and 3 warnings potentially fixable with the `--fix` option.

 ELIFECYCLE  Command failed with exit code 1.
 ELIFECYCLE  Command failed with exit code 1.
